Analysis & Synthesis report for core
Fri Jan 22 23:13:20 2016
Quartus II 64-Bit Version 15.0.0 Build 145 04/22/2015 SJ Web Edition


---------------------
; Table of Contents ;
---------------------
  1. Legal Notice
  2. Analysis & Synthesis Summary
  3. Analysis & Synthesis Settings
  4. Parallel Compilation
  5. Analysis & Synthesis Source Files Read
  6. Analysis & Synthesis Resource Usage Summary
  7. Analysis & Synthesis Resource Utilization by Entity
  8. Analysis & Synthesis RAM Summary
  9. Registers Removed During Synthesis
 10. General Register Statistics
 11. Multiplexer Restructuring Statistics (Restructuring Performed)
 12. Source assignments for instr_mem:imem|altsyncram:mem[0].opcode[4]__1|altsyncram_ubn1:auto_generated
 13. Parameter Settings for User Entity Instance: Top-level Entity: |core
 14. Parameter Settings for User Entity Instance: instr_mem:imem
 15. Parameter Settings for User Entity Instance: instr_mem:imem|altsyncram:mem[0].opcode[4]__1
 16. Parameter Settings for User Entity Instance: reg_file:rf
 17. altsyncram Parameter Settings by Entity Instance
 18. Post-Synthesis Netlist Statistics for Top Partition
 19. Elapsed Time Per Partition
 20. Analysis & Synthesis Messages
 21. Analysis & Synthesis Suppressed Messages



----------------
; Legal Notice ;
----------------
Copyright (C) 1991-2015 Altera Corporation. All rights reserved.
Your use of Altera Corporation's design tools, logic functions 
and other software and tools, and its AMPP partner logic 
functions, and any output files from any of the foregoing 
(including device programming or simulation files), and any 
associated documentation or information are expressly subject 
to the terms and conditions of the Altera Program License 
Subscription Agreement, the Altera Quartus II License Agreement,
the Altera MegaCore Function License Agreement, or other 
applicable license agreement, including, without limitation, 
that your use is for the sole purpose of programming logic 
devices manufactured by Altera and sold by Altera or its 
authorized distributors.  Please refer to the applicable 
agreement for further details.



+------------------------------------------------------------------------------+
; Analysis & Synthesis Summary                                                 ;
+---------------------------------+--------------------------------------------+
; Analysis & Synthesis Status     ; Successful - Fri Jan 22 23:13:20 2016      ;
; Quartus II 64-Bit Version       ; 15.0.0 Build 145 04/22/2015 SJ Web Edition ;
; Revision Name                   ; core                                       ;
; Top-level Entity Name           ; core                                       ;
; Family                          ; Cyclone V                                  ;
; Logic utilization (in ALMs)     ; N/A                                        ;
; Total registers                 ; 2069                                       ;
; Total pins                      ; 272                                        ;
; Total virtual pins              ; 0                                          ;
; Total block memory bits         ; 16,384                                     ;
; Total DSP Blocks                ; 0                                          ;
; Total HSSI RX PCSs              ; 0                                          ;
; Total HSSI PMA RX Deserializers ; 0                                          ;
; Total HSSI TX PCSs              ; 0                                          ;
; Total HSSI PMA TX Serializers   ; 0                                          ;
; Total PLLs                      ; 0                                          ;
; Total DLLs                      ; 0                                          ;
+---------------------------------+--------------------------------------------+


+---------------------------------------------------------------------------------------------------------------------------+
; Analysis & Synthesis Settings                                                                                             ;
+---------------------------------------------------------------------------------+--------------------+--------------------+
; Option                                                                          ; Setting            ; Default Value      ;
+---------------------------------------------------------------------------------+--------------------+--------------------+
; Device                                                                          ; 5CGXFC7C7F23C8     ;                    ;
; Top-level entity name                                                           ; core               ; core               ;
; Family name                                                                     ; Cyclone V          ; Cyclone V          ;
; Use smart compilation                                                           ; Off                ; Off                ;
; Enable parallel Assembler and TimeQuest Timing Analyzer during compilation      ; On                 ; On                 ;
; Enable compact report table                                                     ; Off                ; Off                ;
; Restructure Multiplexers                                                        ; Auto               ; Auto               ;
; MLAB Add Timing Constraints For Mixed-Port Feed-Through Mode Setting Don't Care ; Off                ; Off                ;
; Create Debugging Nodes for IP Cores                                             ; Off                ; Off                ;
; Preserve fewer node names                                                       ; On                 ; On                 ;
; Disable OpenCore Plus hardware evaluation                                       ; Off                ; Off                ;
; Verilog Version                                                                 ; Verilog_2001       ; Verilog_2001       ;
; VHDL Version                                                                    ; VHDL_1993          ; VHDL_1993          ;
; State Machine Processing                                                        ; Auto               ; Auto               ;
; Safe State Machine                                                              ; Off                ; Off                ;
; Extract Verilog State Machines                                                  ; On                 ; On                 ;
; Extract VHDL State Machines                                                     ; On                 ; On                 ;
; Ignore Verilog initial constructs                                               ; Off                ; Off                ;
; Iteration limit for constant Verilog loops                                      ; 5000               ; 5000               ;
; Iteration limit for non-constant Verilog loops                                  ; 250                ; 250                ;
; Add Pass-Through Logic to Inferred RAMs                                         ; On                 ; On                 ;
; Infer RAMs from Raw Logic                                                       ; On                 ; On                 ;
; Parallel Synthesis                                                              ; On                 ; On                 ;
; DSP Block Balancing                                                             ; Auto               ; Auto               ;
; NOT Gate Push-Back                                                              ; On                 ; On                 ;
; Power-Up Don't Care                                                             ; On                 ; On                 ;
; Remove Redundant Logic Cells                                                    ; Off                ; Off                ;
; Remove Duplicate Registers                                                      ; On                 ; On                 ;
; Ignore CARRY Buffers                                                            ; Off                ; Off                ;
; Ignore CASCADE Buffers                                                          ; Off                ; Off                ;
; Ignore GLOBAL Buffers                                                           ; Off                ; Off                ;
; Ignore ROW GLOBAL Buffers                                                       ; Off                ; Off                ;
; Ignore LCELL Buffers                                                            ; Off                ; Off                ;
; Ignore SOFT Buffers                                                             ; On                 ; On                 ;
; Limit AHDL Integers to 32 Bits                                                  ; Off                ; Off                ;
; Optimization Technique                                                          ; Balanced           ; Balanced           ;
; Carry Chain Length                                                              ; 70                 ; 70                 ;
; Auto Carry Chains                                                               ; On                 ; On                 ;
; Auto Open-Drain Pins                                                            ; On                 ; On                 ;
; Perform WYSIWYG Primitive Resynthesis                                           ; Off                ; Off                ;
; Auto ROM Replacement                                                            ; On                 ; On                 ;
; Auto RAM Replacement                                                            ; On                 ; On                 ;
; Auto DSP Block Replacement                                                      ; On                 ; On                 ;
; Auto Shift Register Replacement                                                 ; Auto               ; Auto               ;
; Allow Shift Register Merging across Hierarchies                                 ; Auto               ; Auto               ;
; Auto Clock Enable Replacement                                                   ; On                 ; On                 ;
; Strict RAM Replacement                                                          ; Off                ; Off                ;
; Allow Synchronous Control Signals                                               ; On                 ; On                 ;
; Force Use of Synchronous Clear Signals                                          ; Off                ; Off                ;
; Auto Resource Sharing                                                           ; Off                ; Off                ;
; Allow Any RAM Size For Recognition                                              ; Off                ; Off                ;
; Allow Any ROM Size For Recognition                                              ; Off                ; Off                ;
; Allow Any Shift Register Size For Recognition                                   ; Off                ; Off                ;
; Use LogicLock Constraints during Resource Balancing                             ; On                 ; On                 ;
; Ignore translate_off and synthesis_off directives                               ; Off                ; Off                ;
; Timing-Driven Synthesis                                                         ; On                 ; On                 ;
; Report Parameter Settings                                                       ; On                 ; On                 ;
; Report Source Assignments                                                       ; On                 ; On                 ;
; Report Connectivity Checks                                                      ; On                 ; On                 ;
; Ignore Maximum Fan-Out Assignments                                              ; Off                ; Off                ;
; Synchronization Register Chain Length                                           ; 3                  ; 3                  ;
; PowerPlay Power Optimization During Synthesis                                   ; Normal compilation ; Normal compilation ;
; HDL message level                                                               ; Level2             ; Level2             ;
; Suppress Register Optimization Related Messages                                 ; Off                ; Off                ;
; Number of Removed Registers Reported in Synthesis Report                        ; 5000               ; 5000               ;
; Number of Swept Nodes Reported in Synthesis Report                              ; 5000               ; 5000               ;
; Number of Inverted Registers Reported in Synthesis Report                       ; 100                ; 100                ;
; Clock MUX Protection                                                            ; On                 ; On                 ;
; Auto Gated Clock Conversion                                                     ; Off                ; Off                ;
; Block Design Naming                                                             ; Auto               ; Auto               ;
; SDC constraint protection                                                       ; Off                ; Off                ;
; Synthesis Effort                                                                ; Auto               ; Auto               ;
; Shift Register Replacement - Allow Asynchronous Clear Signal                    ; On                 ; On                 ;
; Pre-Mapping Resynthesis Optimization                                            ; Off                ; Off                ;
; Analysis & Synthesis Message Level                                              ; Medium             ; Medium             ;
; Disable Register Merging Across Hierarchies                                     ; Auto               ; Auto               ;
; Resource Aware Inference For Block RAM                                          ; On                 ; On                 ;
; Synthesis Seed                                                                  ; 1                  ; 1                  ;
; Automatic Parallel Synthesis                                                    ; On                 ; On                 ;
; Partial Reconfiguration Bitstream ID                                            ; Off                ; Off                ;
+---------------------------------------------------------------------------------+--------------------+--------------------+


+------------------------------------------+
; Parallel Compilation                     ;
+----------------------------+-------------+
; Processors                 ; Number      ;
+----------------------------+-------------+
; Number detected on machine ; 8           ;
; Maximum allowed            ; 4           ;
;                            ;             ;
; Average used               ; 1.00        ;
; Maximum used               ; 4           ;
;                            ;             ;
; Usage by Processor         ; % Time Used ;
;     Processor 1            ; 100.0%      ;
;     Processors 2-4         ; < 0.1%      ;
;     Processors 5-8         ;   0.0%      ;
+----------------------------+-------------+


+----------------------------------------------------------------------------------------------------------------------------------------------------------------------------------------------------------------------------------------------------+
; Analysis & Synthesis Source Files Read                                                                                                                                                                                                             ;
+----------------------------------+-----------------+------------------------------+------------------------------------------------------------------------------------------------------------------------------------------------------+---------+
; File Name with User-Entered Path ; Used in Netlist ; File Type                    ; File Name with Absolute Path                                                                                                                         ; Library ;
+----------------------------------+-----------------+------------------------------+------------------------------------------------------------------------------------------------------------------------------------------------------+---------+
; ../src/reg_file.sv               ; yes             ; User SystemVerilog HDL File  ; C:/Users/Andrew/Desktop/School/Computer Science/cse 141L/ucsdcse141l-labs-368c70ae0b2b/ucsdcse141l-labs-368c70ae0b2b/core/src/reg_file.sv            ;         ;
; ../src/instr_mem.sv              ; yes             ; User SystemVerilog HDL File  ; C:/Users/Andrew/Desktop/School/Computer Science/cse 141L/ucsdcse141l-labs-368c70ae0b2b/ucsdcse141l-labs-368c70ae0b2b/core/src/instr_mem.sv           ;         ;
; ../src/definitions.sv            ; yes             ; User SystemVerilog HDL File  ; C:/Users/Andrew/Desktop/School/Computer Science/cse 141L/ucsdcse141l-labs-368c70ae0b2b/ucsdcse141l-labs-368c70ae0b2b/core/src/definitions.sv         ;         ;
; ../src/core.sv                   ; yes             ; User SystemVerilog HDL File  ; C:/Users/Andrew/Desktop/School/Computer Science/cse 141L/ucsdcse141l-labs-368c70ae0b2b/ucsdcse141l-labs-368c70ae0b2b/core/src/core.sv                ;         ;
; ../src/cl_state_machine.sv       ; yes             ; User SystemVerilog HDL File  ; C:/Users/Andrew/Desktop/School/Computer Science/cse 141L/ucsdcse141l-labs-368c70ae0b2b/ucsdcse141l-labs-368c70ae0b2b/core/src/cl_state_machine.sv    ;         ;
; ../src/cl_decode.sv              ; yes             ; User SystemVerilog HDL File  ; C:/Users/Andrew/Desktop/School/Computer Science/cse 141L/ucsdcse141l-labs-368c70ae0b2b/ucsdcse141l-labs-368c70ae0b2b/core/src/cl_decode.sv           ;         ;
; ../src/alu.sv                    ; yes             ; User SystemVerilog HDL File  ; C:/Users/Andrew/Desktop/School/Computer Science/cse 141L/ucsdcse141l-labs-368c70ae0b2b/ucsdcse141l-labs-368c70ae0b2b/core/src/alu.sv                 ;         ;
; altsyncram.tdf                   ; yes             ; Megafunction                 ; c:/altera/15.0/quartus/libraries/megafunctions/altsyncram.tdf                                                                                        ;         ;
; stratix_ram_block.inc            ; yes             ; Megafunction                 ; c:/altera/15.0/quartus/libraries/megafunctions/stratix_ram_block.inc                                                                                 ;         ;
; lpm_mux.inc                      ; yes             ; Megafunction                 ; c:/altera/15.0/quartus/libraries/megafunctions/lpm_mux.inc                                                                                           ;         ;
; lpm_decode.inc                   ; yes             ; Megafunction                 ; c:/altera/15.0/quartus/libraries/megafunctions/lpm_decode.inc                                                                                        ;         ;
; aglobal150.inc                   ; yes             ; Megafunction                 ; c:/altera/15.0/quartus/libraries/megafunctions/aglobal150.inc                                                                                        ;         ;
; a_rdenreg.inc                    ; yes             ; Megafunction                 ; c:/altera/15.0/quartus/libraries/megafunctions/a_rdenreg.inc                                                                                         ;         ;
; altrom.inc                       ; yes             ; Megafunction                 ; c:/altera/15.0/quartus/libraries/megafunctions/altrom.inc                                                                                            ;         ;
; altram.inc                       ; yes             ; Megafunction                 ; c:/altera/15.0/quartus/libraries/megafunctions/altram.inc                                                                                            ;         ;
; altdpram.inc                     ; yes             ; Megafunction                 ; c:/altera/15.0/quartus/libraries/megafunctions/altdpram.inc                                                                                          ;         ;
; db/altsyncram_ubn1.tdf           ; yes             ; Auto-Generated Megafunction  ; C:/Users/Andrew/Desktop/School/Computer Science/cse 141L/ucsdcse141l-labs-368c70ae0b2b/ucsdcse141l-labs-368c70ae0b2b/core/prj/db/altsyncram_ubn1.tdf ;         ;
+----------------------------------+-----------------+------------------------------+------------------------------------------------------------------------------------------------------------------------------------------------------+---------+


+---------------------------------------------------------+
; Analysis & Synthesis Resource Usage Summary             ;
+---------------------------------------------+-----------+
; Resource                                    ; Usage     ;
+---------------------------------------------+-----------+
; Estimate of Logic utilization (ALMs needed) ; 2246      ;
;                                             ;           ;
; Combinational ALUT usage for logic          ; 2261      ;
;     -- 7 input functions                    ; 12        ;
;     -- 6 input functions                    ; 1777      ;
;     -- 5 input functions                    ; 120       ;
;     -- 4 input functions                    ; 192       ;
;     -- <=3 input functions                  ; 160       ;
;                                             ;           ;
; Dedicated logic registers                   ; 2069      ;
;                                             ;           ;
; I/O pins                                    ; 272       ;
; Total MLAB memory bits                      ; 0         ;
; Total block memory bits                     ; 16384     ;
;                                             ;           ;
; Total DSP Blocks                            ; 0         ;
;                                             ;           ;
; Maximum fan-out node                        ; clk~input ;
; Maximum fan-out                             ; 2085      ;
; Total fan-out                               ; 19404     ;
; Average fan-out                             ; 3.97      ;
+---------------------------------------------+-----------+


+-----------------------------------------------------------------------------------------------------------------------------------------------------------------------------------------------------------------------------------------+
; Analysis & Synthesis Resource Utilization by Entity                                                                                                                                                                                     ;
+-------------------------------------------+-------------------+--------------+-------------------+------------+------+--------------+------------------------------------------------------------------------------------+--------------+
; Compilation Hierarchy Node                ; LC Combinationals ; LC Registers ; Block Memory Bits ; DSP Blocks ; Pins ; Virtual Pins ; Full Hierarchy Name                                                                ; Library Name ;
+-------------------------------------------+-------------------+--------------+-------------------+------------+------+--------------+------------------------------------------------------------------------------------+--------------+
; |core                                     ; 2261 (304)        ; 2069 (21)    ; 16384             ; 0          ; 272  ; 0            ; |core                                                                              ; work         ;
;    |alu:alu_1|                            ; 478 (478)         ; 0 (0)        ; 0                 ; 0          ; 0    ; 0            ; |core|alu:alu_1                                                                    ; work         ;
;    |cl_decode:decode|                     ; 3 (3)             ; 0 (0)        ; 0                 ; 0          ; 0    ; 0            ; |core|cl_decode:decode                                                             ; work         ;
;    |cl_state_machine:state_machine|       ; 4 (4)             ; 0 (0)        ; 0                 ; 0          ; 0    ; 0            ; |core|cl_state_machine:state_machine                                               ; work         ;
;    |instr_mem:imem|                       ; 0 (0)             ; 0 (0)        ; 16384             ; 0          ; 0    ; 0            ; |core|instr_mem:imem                                                               ; work         ;
;       |altsyncram:mem[0].opcode[4]__1|    ; 0 (0)             ; 0 (0)        ; 16384             ; 0          ; 0    ; 0            ; |core|instr_mem:imem|altsyncram:mem[0].opcode[4]__1                                ; work         ;
;          |altsyncram_ubn1:auto_generated| ; 0 (0)             ; 0 (0)        ; 16384             ; 0          ; 0    ; 0            ; |core|instr_mem:imem|altsyncram:mem[0].opcode[4]__1|altsyncram_ubn1:auto_generated ; work         ;
;    |reg_file:rf|                          ; 1472 (1472)       ; 2048 (2048)  ; 0                 ; 0          ; 0    ; 0            ; |core|reg_file:rf                                                                  ; work         ;
+-------------------------------------------+-------------------+--------------+-------------------+------------+------+--------------+------------------------------------------------------------------------------------+--------------+
Note: For table entries with two numbers listed, the numbers in parentheses indicate the number of resources of the given type used by the specific entity alone. The numbers listed outside of parentheses indicate the total resources of the given type used by the specific entity and all of its sub-entities in the hierarchy.


+----------------------------------------------------------------------------------------------------------------------------------------------------------------------------------------------+
; Analysis & Synthesis RAM Summary                                                                                                                                                             ;
+-----------------------------------------------------------------------------------------+------+------------------+--------------+--------------+--------------+--------------+-------+------+
; Name                                                                                    ; Type ; Mode             ; Port A Depth ; Port A Width ; Port B Depth ; Port B Width ; Size  ; MIF  ;
+-----------------------------------------------------------------------------------------+------+------------------+--------------+--------------+--------------+--------------+-------+------+
; instr_mem:imem|altsyncram:mem[0].opcode[4]__1|altsyncram_ubn1:auto_generated|ALTSYNCRAM ; AUTO ; Simple Dual Port ; 1024         ; 16           ; 1024         ; 16           ; 16384 ; None ;
+-----------------------------------------------------------------------------------------+------+------------------+--------------+--------------+--------------+--------------+-------+------+


+---------------------------------------------------------------------------------+
; Registers Removed During Synthesis                                              ;
+----------------------------------------+----------------------------------------+
; Register name                          ; Reason for Removal                     ;
+----------------------------------------+----------------------------------------+
; mem_stage_r[2..9,11..31]               ; Merged with mem_stage_r[10]            ;
; mem_stage_r[10]                        ; Stuck at GND due to stuck port data_in ;
; Total Number of Removed Registers = 30 ;                                        ;
+----------------------------------------+----------------------------------------+


+------------------------------------------------------+
; General Register Statistics                          ;
+----------------------------------------------+-------+
; Statistic                                    ; Value ;
+----------------------------------------------+-------+
; Total registers                              ; 2069  ;
; Number of registers using Synchronous Clear  ; 18    ;
; Number of registers using Synchronous Load   ; 0     ;
; Number of registers using Asynchronous Clear ; 0     ;
; Number of registers using Asynchronous Load  ; 0     ;
; Number of registers using Clock Enable       ; 2054  ;
; Number of registers using Preset             ; 0     ;
+----------------------------------------------+-------+


+--------------------------------------------------------------------------------------------------------------------------------------------+
; Multiplexer Restructuring Statistics (Restructuring Performed)                                                                             ;
+--------------------+-----------+---------------+----------------------+------------------------+------------+------------------------------+
; Multiplexer Inputs ; Bus Width ; Baseline Area ; Area if Restructured ; Saving if Restructured ; Registered ; Example Multiplexer Output   ;
+--------------------+-----------+---------------+----------------------+------------------------+------------+------------------------------+
; 3:1                ; 3 bits    ; 6 LEs         ; 3 LEs                ; 3 LEs                  ; Yes        ; |core|barrier_mask_r[1]      ;
; 4:1                ; 3 bits    ; 6 LEs         ; 6 LEs                ; 0 LEs                  ; Yes        ; |core|barrier_r[1]           ;
; 4:1                ; 2 bits    ; 4 LEs         ; 4 LEs                ; 0 LEs                  ; No         ; No name available in netlist ;
; 4:1                ; 49 bits   ; 98 LEs        ; 98 LEs               ; 0 LEs                  ; No         ; No name available in netlist ;
; 4:1                ; 4 bits    ; 8 LEs         ; 8 LEs                ; 0 LEs                  ; No         ; No name available in netlist ;
; 4:1                ; 4 bits    ; 8 LEs         ; 8 LEs                ; 0 LEs                  ; No         ; No name available in netlist ;
; 4:1                ; 4 bits    ; 8 LEs         ; 8 LEs                ; 0 LEs                  ; No         ; No name available in netlist ;
; 4:1                ; 4 bits    ; 8 LEs         ; 8 LEs                ; 0 LEs                  ; No         ; No name available in netlist ;
; 4:1                ; 4 bits    ; 8 LEs         ; 8 LEs                ; 0 LEs                  ; No         ; No name available in netlist ;
; 4:1                ; 2 bits    ; 4 LEs         ; 4 LEs                ; 0 LEs                  ; No         ; |core|mem_stage_n[0]         ;
; 4:1                ; 22 bits   ; 44 LEs        ; 44 LEs               ; 0 LEs                  ; No         ; |core|rf_wd[21]              ;
; 4:1                ; 10 bits   ; 20 LEs        ; 20 LEs               ; 0 LEs                  ; No         ; |core|rf_wd[9]               ;
; 6:1                ; 10 bits   ; 40 LEs        ; 30 LEs               ; 10 LEs                 ; No         ; |core|PC_n[7]                ;
; 16:1               ; 5 bits    ; 50 LEs        ; 50 LEs               ; 0 LEs                  ; No         ; |core|alu:alu_1|Selector27   ;
; 17:1               ; 8 bits    ; 88 LEs        ; 88 LEs               ; 0 LEs                  ; No         ; |core|alu:alu_1|Selector10   ;
; 16:1               ; 3 bits    ; 30 LEs        ; 30 LEs               ; 0 LEs                  ; No         ; |core|alu:alu_1|Selector19   ;
; 18:1               ; 2 bits    ; 24 LEs        ; 22 LEs               ; 2 LEs                  ; No         ; |core|alu:alu_1|Selector21   ;
; 19:1               ; 3 bits    ; 36 LEs        ; 36 LEs               ; 0 LEs                  ; No         ; |core|alu:alu_1|Selector30   ;
; 19:1               ; 2 bits    ; 24 LEs        ; 24 LEs               ; 0 LEs                  ; No         ; |core|alu:alu_1|Selector6    ;
; 20:1               ; 3 bits    ; 39 LEs        ; 36 LEs               ; 3 LEs                  ; No         ; |core|alu:alu_1|Selector3    ;
+--------------------+-----------+---------------+----------------------+------------------------+------------+------------------------------+


+-----------------------------------------------------------------------------------------------------+
; Source assignments for instr_mem:imem|altsyncram:mem[0].opcode[4]__1|altsyncram_ubn1:auto_generated ;
+---------------------------------+--------------------+------+---------------------------------------+
; Assignment                      ; Value              ; From ; To                                    ;
+---------------------------------+--------------------+------+---------------------------------------+
; OPTIMIZE_POWER_DURING_SYNTHESIS ; NORMAL_COMPILATION ; -    ; -                                     ;
+---------------------------------+--------------------+------+---------------------------------------+


+----------------------------------------------------------------------+
; Parameter Settings for User Entity Instance: Top-level Entity: |core ;
+-------------------+------------+-------------------------------------+
; Parameter Name    ; Value      ; Type                                ;
+-------------------+------------+-------------------------------------+
; imem_addr_width_p ; 10         ; Signed Integer                      ;
; net_ID_p          ; 0000000001 ; Unsigned Binary                     ;
+-------------------+------------+-------------------------------------+
Note: In order to hide this table in the UI and the text report file, please set the "Show Parameter Settings in Synthesis Report" option in "Analysis and Synthesis Settings -> More Settings" to "Off".


+-------------------------------------------------------------+
; Parameter Settings for User Entity Instance: instr_mem:imem ;
+----------------+-------+------------------------------------+
; Parameter Name ; Value ; Type                               ;
+----------------+-------+------------------------------------+
; addr_width_p   ; 10    ; Signed Integer                     ;
+----------------+-------+------------------------------------+
Note: In order to hide this table in the UI and the text report file, please set the "Show Parameter Settings in Synthesis Report" option in "Analysis and Synthesis Settings -> More Settings" to "Off".


+--------------------------------------------------------------------------------------------+
; Parameter Settings for User Entity Instance: instr_mem:imem|altsyncram:mem[0].opcode[4]__1 ;
+------------------------------------+----------------------+--------------------------------+
; Parameter Name                     ; Value                ; Type                           ;
+------------------------------------+----------------------+--------------------------------+
; BYTE_SIZE_BLOCK                    ; 8                    ; Untyped                        ;
; AUTO_CARRY_CHAINS                  ; ON                   ; AUTO_CARRY                     ;
; IGNORE_CARRY_BUFFERS               ; OFF                  ; IGNORE_CARRY                   ;
; AUTO_CASCADE_CHAINS                ; ON                   ; AUTO_CASCADE                   ;
; IGNORE_CASCADE_BUFFERS             ; OFF                  ; IGNORE_CASCADE                 ;
; WIDTH_BYTEENA                      ; 1                    ; Untyped                        ;
; OPERATION_MODE                     ; DUAL_PORT            ; Untyped                        ;
; WIDTH_A                            ; 16                   ; Untyped                        ;
; WIDTHAD_A                          ; 10                   ; Untyped                        ;
; NUMWORDS_A                         ; 1024                 ; Untyped                        ;
; OUTDATA_REG_A                      ; UNREGISTERED         ; Untyped                        ;
; ADDRESS_ACLR_A                     ; NONE                 ; Untyped                        ;
; OUTDATA_ACLR_A                     ; NONE                 ; Untyped                        ;
; WRCONTROL_ACLR_A                   ; NONE                 ; Untyped                        ;
; INDATA_ACLR_A                      ; NONE                 ; Untyped                        ;
; BYTEENA_ACLR_A                     ; NONE                 ; Untyped                        ;
; WIDTH_B                            ; 16                   ; Untyped                        ;
; WIDTHAD_B                          ; 10                   ; Untyped                        ;
; NUMWORDS_B                         ; 1024                 ; Untyped                        ;
; INDATA_REG_B                       ; CLOCK1               ; Untyped                        ;
; WRCONTROL_WRADDRESS_REG_B          ; CLOCK1               ; Untyped                        ;
; RDCONTROL_REG_B                    ; CLOCK1               ; Untyped                        ;
; ADDRESS_REG_B                      ; CLOCK0               ; Untyped                        ;
; OUTDATA_REG_B                      ; UNREGISTERED         ; Untyped                        ;
; BYTEENA_REG_B                      ; CLOCK1               ; Untyped                        ;
; INDATA_ACLR_B                      ; NONE                 ; Untyped                        ;
; WRCONTROL_ACLR_B                   ; NONE                 ; Untyped                        ;
; ADDRESS_ACLR_B                     ; NONE                 ; Untyped                        ;
; OUTDATA_ACLR_B                     ; NONE                 ; Untyped                        ;
; RDCONTROL_ACLR_B                   ; NONE                 ; Untyped                        ;
; BYTEENA_ACLR_B                     ; NONE                 ; Untyped                        ;
; WIDTH_BYTEENA_A                    ; 1                    ; Untyped                        ;
; WIDTH_BYTEENA_B                    ; 1                    ; Untyped                        ;
; RAM_BLOCK_TYPE                     ; AUTO                 ; Untyped                        ;
; BYTE_SIZE                          ; 8                    ; Untyped                        ;
; READ_DURING_WRITE_MODE_MIXED_PORTS ; OLD_DATA             ; Untyped                        ;
; READ_DURING_WRITE_MODE_PORT_A      ; NEW_DATA_NO_NBE_READ ; Untyped                        ;
; READ_DURING_WRITE_MODE_PORT_B      ; NEW_DATA_NO_NBE_READ ; Untyped                        ;
; INIT_FILE                          ; UNUSED               ; Untyped                        ;
; INIT_FILE_LAYOUT                   ; PORT_A               ; Untyped                        ;
; MAXIMUM_DEPTH                      ; 0                    ; Untyped                        ;
; CLOCK_ENABLE_INPUT_A               ; NORMAL               ; Untyped                        ;
; CLOCK_ENABLE_INPUT_B               ; NORMAL               ; Untyped                        ;
; CLOCK_ENABLE_OUTPUT_A              ; NORMAL               ; Untyped                        ;
; CLOCK_ENABLE_OUTPUT_B              ; NORMAL               ; Untyped                        ;
; CLOCK_ENABLE_CORE_A                ; USE_INPUT_CLKEN      ; Untyped                        ;
; CLOCK_ENABLE_CORE_B                ; USE_INPUT_CLKEN      ; Untyped                        ;
; ENABLE_ECC                         ; FALSE                ; Untyped                        ;
; ECC_PIPELINE_STAGE_ENABLED         ; FALSE                ; Untyped                        ;
; WIDTH_ECCSTATUS                    ; 3                    ; Untyped                        ;
; DEVICE_FAMILY                      ; Cyclone V            ; Untyped                        ;
; CBXI_PARAMETER                     ; altsyncram_ubn1      ; Untyped                        ;
+------------------------------------+----------------------+--------------------------------+
Note: In order to hide this table in the UI and the text report file, please set the "Show Parameter Settings in Synthesis Report" option in "Analysis and Synthesis Settings -> More Settings" to "Off".


+----------------------------------------------------------+
; Parameter Settings for User Entity Instance: reg_file:rf ;
+----------------+-------+---------------------------------+
; Parameter Name ; Value ; Type                            ;
+----------------+-------+---------------------------------+
; addr_width_p   ; 6     ; Signed Integer                  ;
; data_width_p   ; 32    ; Signed Integer                  ;
+----------------+-------+---------------------------------+
Note: In order to hide this table in the UI and the text report file, please set the "Show Parameter Settings in Synthesis Report" option in "Analysis and Synthesis Settings -> More Settings" to "Off".


+-------------------------------------------------------------------------------------------+
; altsyncram Parameter Settings by Entity Instance                                          ;
+-------------------------------------------+-----------------------------------------------+
; Name                                      ; Value                                         ;
+-------------------------------------------+-----------------------------------------------+
; Number of entity instances                ; 1                                             ;
; Entity Instance                           ; instr_mem:imem|altsyncram:mem[0].opcode[4]__1 ;
;     -- OPERATION_MODE                     ; DUAL_PORT                                     ;
;     -- WIDTH_A                            ; 16                                            ;
;     -- NUMWORDS_A                         ; 1024                                          ;
;     -- OUTDATA_REG_A                      ; UNREGISTERED                                  ;
;     -- WIDTH_B                            ; 16                                            ;
;     -- NUMWORDS_B                         ; 1024                                          ;
;     -- ADDRESS_REG_B                      ; CLOCK0                                        ;
;     -- OUTDATA_REG_B                      ; UNREGISTERED                                  ;
;     -- RAM_BLOCK_TYPE                     ; AUTO                                          ;
;     -- READ_DURING_WRITE_MODE_MIXED_PORTS ; OLD_DATA                                      ;
+-------------------------------------------+-----------------------------------------------+


+-----------------------------------------------------+
; Post-Synthesis Netlist Statistics for Top Partition ;
+-----------------------+-----------------------------+
; Type                  ; Count                       ;
+-----------------------+-----------------------------+
; arriav_ff             ; 2069                        ;
;     ENA               ; 2051                        ;
;     ENA SCLR          ; 3                           ;
;     SCLR              ; 15                          ;
; arriav_lcell_comb     ; 2261                        ;
;     arith             ; 85                          ;
;         0 data inputs ; 1                           ;
;         1 data inputs ; 10                          ;
;         2 data inputs ; 10                          ;
;         4 data inputs ; 64                          ;
;     extend            ; 12                          ;
;         7 data inputs ; 12                          ;
;     normal            ; 2164                        ;
;         2 data inputs ; 99                          ;
;         3 data inputs ; 40                          ;
;         4 data inputs ; 128                         ;
;         5 data inputs ; 120                         ;
;         6 data inputs ; 1777                        ;
; boundary_port         ; 272                         ;
; stratixv_ram_block    ; 16                          ;
;                       ;                             ;
; Max LUT depth         ; 11.60                       ;
; Average LUT depth     ; 9.15                        ;
+-----------------------+-----------------------------+


+-------------------------------+
; Elapsed Time Per Partition    ;
+----------------+--------------+
; Partition Name ; Elapsed Time ;
+----------------+--------------+
; Top            ; 00:00:15     ;
+----------------+--------------+


+-------------------------------+
; Analysis & Synthesis Messages ;
+-------------------------------+
Info: *******************************************************************
Info: Running Quartus II 64-Bit Analysis & Synthesis
    Info: Version 15.0.0 Build 145 04/22/2015 SJ Web Edition
    Info: Processing started: Fri Jan 22 23:12:49 2016
Info: Command: quartus_map --read_settings_files=on --write_settings_files=off core -c core
Info (11104): Parallel Compilation has detected 8 hyper-threaded processors. However, the extra hyper-threaded processors will not be used by default. Parallel Compilation will use 4 of the 4 physical processors detected instead.
Info (12021): Found 1 design units, including 1 entities, in source file /users/andrew/desktop/school/computer science/cse 141l/ucsdcse141l-labs-368c70ae0b2b/ucsdcse141l-labs-368c70ae0b2b/core/src/reg_file.sv
    Info (12023): Found entity 1: reg_file
Info (12021): Found 1 design units, including 1 entities, in source file /users/andrew/desktop/school/computer science/cse 141l/ucsdcse141l-labs-368c70ae0b2b/ucsdcse141l-labs-368c70ae0b2b/core/src/net_packet_logger_s.sv
    Info (12023): Found entity 1: network_packet_s_logger
Info (12021): Found 1 design units, including 1 entities, in source file /users/andrew/desktop/school/computer science/cse 141l/ucsdcse141l-labs-368c70ae0b2b/ucsdcse141l-labs-368c70ae0b2b/core/src/instr_mem.sv
    Info (12023): Found entity 1: instr_mem
Info (12021): Found 0 design units, including 0 entities, in source file /users/andrew/desktop/school/computer science/cse 141l/ucsdcse141l-labs-368c70ae0b2b/ucsdcse141l-labs-368c70ae0b2b/core/src/disassemble.sv
Info (12021): Found 1 design units, including 0 entities, in source file /users/andrew/desktop/school/computer science/cse 141l/ucsdcse141l-labs-368c70ae0b2b/ucsdcse141l-labs-368c70ae0b2b/core/src/definitions.sv
    Info (12022): Found design unit 1: definitions (SystemVerilog)
Info (12021): Found 1 design units, including 1 entities, in source file /users/andrew/desktop/school/computer science/cse 141l/ucsdcse141l-labs-368c70ae0b2b/ucsdcse141l-labs-368c70ae0b2b/core/src/data_mem.sv
    Info (12023): Found entity 1: data_mem
Info (12021): Found 1 design units, including 1 entities, in source file /users/andrew/desktop/school/computer science/cse 141l/ucsdcse141l-labs-368c70ae0b2b/ucsdcse141l-labs-368c70ae0b2b/core/src/core_flattened.sv
    Info (12023): Found entity 1: core_flattened
Info (12021): Found 1 design units, including 1 entities, in source file /users/andrew/desktop/school/computer science/cse 141l/ucsdcse141l-labs-368c70ae0b2b/ucsdcse141l-labs-368c70ae0b2b/core/src/core.sv
    Info (12023): Found entity 1: core
Info (12021): Found 1 design units, including 1 entities, in source file /users/andrew/desktop/school/computer science/cse 141l/ucsdcse141l-labs-368c70ae0b2b/ucsdcse141l-labs-368c70ae0b2b/core/src/cl_state_machine.sv
    Info (12023): Found entity 1: cl_state_machine
Info (12021): Found 1 design units, including 1 entities, in source file /users/andrew/desktop/school/computer science/cse 141l/ucsdcse141l-labs-368c70ae0b2b/ucsdcse141l-labs-368c70ae0b2b/core/src/cl_decode.sv
    Info (12023): Found entity 1: cl_decode
Info (12021): Found 1 design units, including 1 entities, in source file /users/andrew/desktop/school/computer science/cse 141l/ucsdcse141l-labs-368c70ae0b2b/ucsdcse141l-labs-368c70ae0b2b/core/src/alu.sv
    Info (12023): Found entity 1: alu
Info (12127): Elaborating entity "core" for the top level hierarchy
Warning (10230): Verilog HDL assignment warning at core.sv(129): truncated value with size 14 to match size of target (10)
Warning (10230): Verilog HDL assignment warning at core.sv(156): truncated value with size 14 to match size of target (10)
Info (12128): Elaborating entity "instr_mem" for hierarchy "instr_mem:imem"
Info (12128): Elaborating entity "altsyncram" for hierarchy "instr_mem:imem|altsyncram:mem[0].opcode[4]__1"
Info (12130): Elaborated megafunction instantiation "instr_mem:imem|altsyncram:mem[0].opcode[4]__1"
Info (12133): Instantiated megafunction "instr_mem:imem|altsyncram:mem[0].opcode[4]__1" with the following parameter:
    Info (12134): Parameter "OPERATION_MODE" = "DUAL_PORT"
    Info (12134): Parameter "WIDTH_A" = "16"
    Info (12134): Parameter "WIDTHAD_A" = "10"
    Info (12134): Parameter "NUMWORDS_A" = "1024"
    Info (12134): Parameter "WIDTH_B" = "16"
    Info (12134): Parameter "WIDTHAD_B" = "10"
    Info (12134): Parameter "NUMWORDS_B" = "1024"
    Info (12134): Parameter "ADDRESS_ACLR_A" = "NONE"
    Info (12134): Parameter "OUTDATA_REG_B" = "UNREGISTERED"
    Info (12134): Parameter "ADDRESS_ACLR_B" = "NONE"
    Info (12134): Parameter "OUTDATA_ACLR_B" = "NONE"
    Info (12134): Parameter "ADDRESS_REG_B" = "CLOCK0"
    Info (12134): Parameter "INDATA_ACLR_A" = "NONE"
    Info (12134): Parameter "WRCONTROL_ACLR_A" = "NONE"
    Info (12134): Parameter "READ_DURING_WRITE_MODE_MIXED_PORTS" = "OLD_DATA"
Info (12021): Found 1 design units, including 1 entities, in source file db/altsyncram_ubn1.tdf
    Info (12023): Found entity 1: altsyncram_ubn1
Info (12128): Elaborating entity "altsyncram_ubn1" for hierarchy "instr_mem:imem|altsyncram:mem[0].opcode[4]__1|altsyncram_ubn1:auto_generated"
Info (12128): Elaborating entity "cl_decode" for hierarchy "cl_decode:decode"
Info (12128): Elaborating entity "reg_file" for hierarchy "reg_file:rf"
Info (12128): Elaborating entity "alu" for hierarchy "alu:alu_1"
Warning (10036): Verilog HDL or VHDL warning at alu.sv(12): object "op_mnemonic" assigned a value but never read
Info (12128): Elaborating entity "cl_state_machine" for hierarchy "cl_state_machine:state_machine"
Info (276014): Found 1 instances of uninferred RAM logic
    Info (276007): RAM logic "reg_file:rf|RF" is uninferred due to asynchronous read logic
Info (286030): Timing-Driven Synthesis is running
Info (144001): Generated suppressed messages file C:/Users/Andrew/Desktop/School/Computer Science/cse 141L/ucsdcse141l-labs-368c70ae0b2b/ucsdcse141l-labs-368c70ae0b2b/core/prj/output_files/core.map.smsg
Info (16010): Generating hard_block partition "hard_block:auto_generated_inst"
    Info (16011): Adding 0 node(s), including 0 DDIO, 0 PLL, 0 transceiver and 0 LCELL
Info (21057): Implemented 4599 device resources after synthesis - the final resource count might be different
    Info (21058): Implemented 101 input pins
    Info (21059): Implemented 171 output pins
    Info (21061): Implemented 4311 logic cells
    Info (21064): Implemented 16 RAM segments
Info: Quartus II 64-Bit Analysis & Synthesis was successful. 0 errors, 3 warnings
    Info: Peak virtual memory: 776 megabytes
    Info: Processing ended: Fri Jan 22 23:13:20 2016
    Info: Elapsed time: 00:00:31
    Info: Total CPU time (on all processors): 00:00:52


+------------------------------------------+
; Analysis & Synthesis Suppressed Messages ;
+------------------------------------------+
The suppressed messages can be found in C:/Users/Andrew/Desktop/School/Computer Science/cse 141L/ucsdcse141l-labs-368c70ae0b2b/ucsdcse141l-labs-368c70ae0b2b/core/prj/output_files/core.map.smsg.


